Nowe dane
Kolejna linia
Katalog nadrzędny
Nowe dane
Kolejna linia
Dopisane2
